HSIE for test.golden.map1/2                                  #map.fl:       1.0
#Args: 2 #bound: 5
    externals: [Cons, Nil] scoped = []
    all vars = [v0, v1, v2, v3, v4, v5, v6]
HEAD v1                                                      #map.fl:       1.7
SWITCH v1 Cons                                               #map.fl:       2.7
  BIND v2 v1.head                                            #map.fl:       2.8
  BIND v3 v1.tail                                            #map.fl:       2.10
  RETURN v6:clos6 [v4:clos4, v5:clos5]                       #map.fl:       2.15
SWITCH v1 Nil                                                #map.fl:       1.7
  RETURN PackageVar.Nil                                      #map.fl:       1.12
ERROR                                                        #null
CLOSURE v4                                                   #null
  PUSH v0:test.golden.map1_1.f                               #map.fl:       2.5
  PUSH v2:test.golden.map1_1.a                               #map.fl:       2.8
CLOSURE v5                                                   #null
  PUSH PackageVar.test.golden.map1                           #map.fl:       2.22
  PUSH v0:test.golden.map1_1.f                               #map.fl:       2.5
  PUSH v3:test.golden.map1_1.l                               #map.fl:       2.10
CLOSURE v6                                                   #null
  PUSH PackageVar.Cons                                       #map.fl:       2.20
  PUSH v4:clos4                                              #map.fl:       2.15
  PUSH v5:clos5                                              #map.fl:       2.21
=======
