HSIE for test.golden.ControlledCard._C0.setOff/0             #card.fl:     15.0
#Args: 0 #bound: 2
    externals: [Assign, Cons, Nil]
    scoped = []
    scopedDefns = []
    all vars = [v0, v1]
RETURN v1:clos1 [v0:clos0]                                   #builtin:      0.0
CLOSURE v1                                                   #builtin:      0.0
  PUSH PackageVar.Cons                                       #card.fl:     15.0
  PUSH v0:clos0                                              #card.fl:     16.0
  PUSH PackageVar.Nil                                        #card.fl:     15.0
CLOSURE v0                                                   #card.fl:     16.0
  PUSH PackageVar.Assign                                     #card.fl:     16.0
  PUSH this._card                                            #card.fl:     16.0
  PUSH "sayHello"                                            #card.fl:     16.0
  PUSH false                                                 #builtin:      0.0
=======
HSIE for test.golden.ControlledCard._C0.setOn/0              #card.fl:     13.0
#Args: 0 #bound: 2
    externals: [Assign, Cons, Nil]
    scoped = []
    scopedDefns = []
    all vars = [v0, v1]
RETURN v1:clos1 [v0:clos0]                                   #builtin:      0.0
CLOSURE v1                                                   #builtin:      0.0
  PUSH PackageVar.Cons                                       #card.fl:     13.0
  PUSH v0:clos0                                              #card.fl:     14.0
  PUSH PackageVar.Nil                                        #card.fl:     13.0
CLOSURE v0                                                   #card.fl:     14.0
  PUSH PackageVar.Assign                                     #card.fl:     14.0
  PUSH this._card                                            #card.fl:     14.0
  PUSH "sayHello"                                            #card.fl:     14.0
  PUSH true                                                  #builtin:      0.0
=======
HSIE for test.golden.ControlledCard.styleIf/2                #card.fl:     18.0
#Args: 2 #bound: 0
    externals: []
    scoped = []
    scopedDefns = []
    all vars = [v0, v1]
IF v1:test.golden.ControlledCard.styleIf_0.b                 #card.fl:     18.14
  RETURN v0:test.golden.ControlledCard.styleIf_0.style []    #card.fl:     18.8
RETURN ""                                                    #card.fl:     20.7
=======
HSIE for test.golden._ControlledCard.B1.formats_0/0          #card.fl:     10.0
#Args: 0 #bound: 2
    externals: [Cons, Nil, test.golden.ControlledCard.sayHello, test.golden.ControlledCard.styleIf]
    scoped = []
    scopedDefns = []
    all vars = [v0, v1]
RETURN v1:clos1 [v0:clos0]                                   #card.fl:     10.11
CLOSURE v1                                                   #card.fl:     10.11
  PUSH PackageVar.Cons                                       #card.fl:     10.0
  PUSH v0:clos0                                              #card.fl:     10.11
  PUSH PackageVar.Nil                                        #card.fl:     10.0
CLOSURE v0                                                   #card.fl:     10.11
  PUSH CardFunction.test.golden.ControlledCard.styleIf       #card.fl:     10.11
  PUSH "show"                                                #card.fl:     10.19
  PUSH CardMember.CardMember[test.golden.ControlledCard.sayH #card.fl:     10.26
=======
