HSIE for test.golden.f_0.var/0                               #scoping.fl:  17.0
#Args: 0 #bound: 0
    externals: [] scoped = []
    all vars = []
RETURN 32                                                    #scoping.fl:  17.6
=======
HSIE for test.golden.f/2                                     #scoping.fl:  16.0
#Args: 2 #bound: 5
    externals: [Cons, MessageWrapper, Nil, test.golden.Server] scoped = []
    all vars = [v0, v1, v2, v3, v4, v5, v6]
HEAD v0                                                      #scoping.fl:  16.3
SWITCH v0 test.golden.Server                                 #scoping.fl:  16.3
  RETURN v6:clos6 [v4:test.golden.f_0.var, v2:test.golden.f_ #scoping.fl:  16.22
ERROR                                                        #scoping.fl:  16.0
CLOSURE v2                                                   #scoping.fl:  22.14
  PUSH PackageVar.test.golden.f_0.HandleReply                #scoping.fl:  22.14
  PUSH v0:test.golden.f_0.server                             #scoping.fl:  16.10
  PUSH v4:test.golden.f_0.var                                #scoping.fl:  17.0
CLOSURE v3                                                   #scoping.fl:  19.7
  PUSH PackageVar.test.golden.f_0.q                          #scoping.fl:  19.7
  PUSH v2:test.golden.f_0.HandleReply                        #scoping.fl:  22.14
  PUSH v0:test.golden.f_0.server                             #scoping.fl:  16.10
  PUSH v4:test.golden.f_0.var                                #scoping.fl:  17.0
CLOSURE v4                                                   #scoping.fl:  17.0
  PUSH PackageVar.test.golden.f_0.var                        #scoping.fl:  17.0
CLOSURE v5                                                   #scoping.fl:  16.42
  PUSH PackageVar.Cons                                       #scoping.fl:  16.42
  PUSH v3:test.golden.f_0.q                                  #scoping.fl:  19.7
  PUSH PackageVar.Nil                                        #scoping.fl:  16.42
CLOSURE v6                                                   #scoping.fl:  16.22
  PUSH PackageVar.MessageWrapper                             #scoping.fl:  16.22
  PUSH v4:test.golden.f_0.var                                #scoping.fl:  17.0
  PUSH v5:clos5                                              #scoping.fl:  16.42
=======
