HSIE for test.golden.Getter.choose/1                         #getter.fl:    6.6
#Args: 1 #bound: 4
    externals: [Assign, Cons, FLEval.field, Nil, String, test.golden.Getter.strings] scoped = []
    all vars = [v0, v1, v2, v3, v4]
HEAD v0                                                      #getter.fl:    6.14
SWITCH v0 String                                             #getter.fl:    6.14
  RETURN v4:clos4 [v1:clos1, v2:clos2, v3:clos3]             #getter.fl:    7.8
ERROR                                                        #getter.fl:    6.6
CLOSURE v1                                                   #getter.fl:    7.8
  PUSH PackageVar.FLEval.field                               #getter.fl:    7.8
  PUSH CardMember.CardMember[test.golden.Getter.strings]     #getter.fl:    7.8
  PUSH "item"                                                #getter.fl:    7.16
CLOSURE v2                                                   #getter.fl:    7.8
  PUSH v1:clos1                                              #getter.fl:    7.8
  PUSH v0:test.golden.Getter.choose.id                       #getter.fl:    6.21
CLOSURE v3                                                   #getter.fl:    7.0
  PUSH PackageVar.Assign                                     #getter.fl:    7.0
  PUSH this                                                  #getter.fl:    7.0
  PUSH "curr"                                                #getter.fl:    7.0
  PUSH v2:clos2                                              #getter.fl:    7.8
CLOSURE v4                                                   #getter.fl:    7.8
  PUSH PackageVar.Cons                                       #getter.fl:    6.6
  PUSH v3:clos3                                              #getter.fl:    7.0
  PUSH PackageVar.Nil                                        #getter.fl:    6.6
=======
