HSIE for test.golden.filter
#Args: 2 #bound: 5
    externals: [Cons, Nil] scoped = []
    all vars = [v0, v1, v2, v3, v4, v5, v6]
HEAD v1                                                      #null
SWITCH v1 Cons                                               #filter.fl:    3.9
  BIND v2 v1.head                                            #null
  BIND v3 v1.tail                                            #null
  RETURN v6:clos6 [v4:test.golden.filter_1.g, v5:clos5]      #filter.fl:    3.17
SWITCH v1 Nil                                                #filter.fl:    2.9
  RETURN PackageVar.Nil                                      #filter.fl:    2.14
ERROR                                                        #null
CLOSURE v4                                                   #null
  PUSH PackageVar.test.golden.filter_1.g                     #filter.fl:    4.0
  PUSH v2:test.golden.filter_1.a                             #filter.fl:    3.10
  PUSH v0:test.golden.filter_1.f                             #filter.fl:    3.7
  PUSH v3:test.golden.filter_1.l                             #filter.fl:    3.12
CLOSURE v5                                                   #null
  PUSH v0:test.golden.filter_1.f                             #filter.fl:    3.7
  PUSH v2:test.golden.filter_1.a                             #filter.fl:    3.10
CLOSURE v6                                                   #null
  PUSH v4:test.golden.filter_1.g                             #filter.fl:    4.0
  PUSH v5:clos5                                              #filter.fl:    3.19
-------
HSIE for test.golden.filter_1.g
#Args: 1 #bound: 3
    externals: [Boolean, Cons, test.golden.filter] scoped = [test.golden.filter_1.a, test.golden.filter_1.f, test.golden.filter_1.l]
    all vars = [v7, v8, v9, v10]
HEAD v7                                                      #null
SWITCH v7 Boolean                                            #filter.fl:    4.2
  IF v7:ev7 false                                            #null
    RETURN v8:clos8 []                                       #filter.fl:    5.10
  IF v7:ev7 true                                             #null
    RETURN v10:clos10 [v9:clos9]                             #filter.fl:    4.9
ERROR                                                        #null
CLOSURE v8                                                   #null
  PUSH PackageVar.test.golden.filter                         #filter.fl:    5.11
  PUSH VarNestedFromOuterFunctionScope.Scoped[test.golden.fi #filter.fl:    3.7
  PUSH VarNestedFromOuterFunctionScope.Scoped[test.golden.fi #filter.fl:    3.12
CLOSURE v9                                                   #null
  PUSH PackageVar.test.golden.filter                         #filter.fl:    4.12
  PUSH VarNestedFromOuterFunctionScope.Scoped[test.golden.fi #filter.fl:    3.7
  PUSH VarNestedFromOuterFunctionScope.Scoped[test.golden.fi #filter.fl:    3.12
CLOSURE v10                                                  #null
  PUSH PackageVar.Cons                                       #filter.fl:    4.10
  PUSH VarNestedFromOuterFunctionScope.Scoped[test.golden.fi #filter.fl:    3.10
  PUSH v9:clos9                                              #filter.fl:    4.11
=======
