HSIE for test.golden.WithMethod.highTime/0                   #objdefn-meth  5.7
#Args: 0 #bound: 2
    externals: [Assign, Cons, Nil]
    scoped = []
    scopedDefns = []
    all vars = [v0, v1]
RETURN v1:clos1 [v0:clos0]                                   #objdefn-meth  6.5
CLOSURE v1                                                   #objdefn-meth  6.5
  PUSH PackageVar.Cons                                       #objdefn-meth  5.7
  PUSH v0:clos0                                              #objdefn-meth  6.0
  PUSH PackageVar.Nil                                        #objdefn-meth  5.7
CLOSURE v0                                                   #objdefn-meth  6.0
  PUSH PackageVar.Assign                                     #objdefn-meth  6.0
  PUSH this                                                  #objdefn-meth  6.0
  PUSH "x"                                                   #objdefn-meth  6.0
  PUSH 420                                                   #objdefn-meth  6.5
