HSIE for test.golden._TestCard._gen_1/1                      #d3.fl:       21.7
#Args: 1 #bound: 0
    externals: [D3Element] scoped = []
    all vars = [v0]
HEAD v0                                                      #d3:           1.1
SWITCH v0 D3Element                                          #d3:           1.1
  RETURN "red"                                               #d3.fl:       21.7
ERROR                                                        #d3.fl:       21.7
=======
HSIE for test.golden._TestCard._gen_3/1                      #d3.fl:       22.8
#Args: 1 #bound: 0
    externals: [D3Element] scoped = []
    all vars = [v0]
HEAD v0                                                      #d3:           1.1
SWITCH v0 D3Element                                          #d3:           1.1
  RETURN 20                                                  #d3.fl:       22.8
ERROR                                                        #d3.fl:       22.8
=======
HSIE for test.golden._TestCard._gen_6/1                      #d3.fl:       36.7
#Args: 1 #bound: 0
    externals: [D3Element] scoped = []
    all vars = [v0]
HEAD v0                                                      #d3:           1.1
SWITCH v0 D3Element                                          #d3:           1.1
  RETURN "black"                                             #d3.fl:       36.7
ERROR                                                        #d3.fl:       36.7
=======
HSIE for test.golden._TestCard._gen_7/1                      #d3.fl:       37.13
#Args: 1 #bound: 0
    externals: [D3Element] scoped = []
    all vars = [v0]
HEAD v0                                                      #d3:           1.1
SWITCH v0 D3Element                                          #d3:           1.1
  RETURN "sans-serif"                                        #d3.fl:       37.13
ERROR                                                        #d3.fl:       37.13
=======
HSIE for test.golden._TestCard._gen_8/1                      #d3.fl:       38.11
#Args: 1 #bound: 0
    externals: [D3Element] scoped = []
    all vars = [v0]
HEAD v0                                                      #d3:           1.1
SWITCH v0 D3Element                                          #d3:           1.1
  RETURN "11px"                                              #d3.fl:       38.11
ERROR                                                        #d3.fl:       38.11
=======
HSIE for test.golden._TestCard._gen_11/1                     #d3.fl:       31.13
#Args: 1 #bound: 0
    externals: [D3Element] scoped = []
    all vars = [v0]
HEAD v0                                                      #d3:           1.1
SWITCH v0 D3Element                                          #d3:           1.1
  RETURN "middle"                                            #d3.fl:       31.13
ERROR                                                        #d3.fl:       31.13
=======
HSIE for test.golden._TestCard._gen_12/1                     #d3.fl:       34.8
#Args: 1 #bound: 0
    externals: [D3Element] scoped = []
    all vars = [v0]
HEAD v0                                                      #d3:           1.1
SWITCH v0 D3Element                                          #d3:           1.1
  RETURN 20                                                  #d3.fl:       34.8
ERROR                                                        #d3.fl:       34.8
=======
HSIE for test.golden._TestCard._gen_15/0                     #d3.fl:       16.9
#Args: 0 #bound: 0
    externals: [test.golden.TestCard.data] scoped = []
    all vars = []
RETURN CardMember.CardMember[test.golden.TestCard.data]      #d3.fl:       16.9
=======
HSIE for test.golden._TestCard._gen_10/1                     #d3.fl:       30.7
#Args: 1 #bound: 1
    externals: [D3Element, FLEval.field] scoped = []
    all vars = [v0, v1]
HEAD v0                                                      #d3:           1.1
SWITCH v0 D3Element                                          #d3:           1.1
  RETURN v1:clos1 []                                         #d3.fl:       30.7
ERROR                                                        #d3.fl:       30.7
CLOSURE v1                                                   #d3.fl:       30.7
  PUSH PackageVar.FLEval.field                               #d3.fl:       30.7
  PUSH v0:elt                                                #d3.fl:       16.3
  PUSH "data"                                                #d3.fl:       30.11
=======
HSIE for test.golden._TestCard._gen_2/1                      #d3.fl:       23.9
#Args: 1 #bound: 2
    externals: [*, D3Element, FLEval.field] scoped = []
    all vars = [v0, v1, v2]
HEAD v0                                                      #d3:           1.1
SWITCH v0 D3Element                                          #d3:           1.1
  RETURN v2:clos2 [v1:clos1]                                 #d3.fl:       23.9
ERROR                                                        #d3.fl:       23.9
CLOSURE v1                                                   #d3.fl:       23.12
  PUSH PackageVar.FLEval.field                               #d3.fl:       23.12
  PUSH v0:elt                                                #d3.fl:       16.3
  PUSH "data"                                                #d3.fl:       23.16
CLOSURE v2                                                   #d3.fl:       23.9
  PUSH PackageVar.*                                          #d3.fl:       23.11
  PUSH 10                                                    #d3.fl:       23.9
  PUSH v1:clos1                                              #d3.fl:       23.12
=======
HSIE for test.golden._TestCard._gen_4/1                      #d3.fl:       19.4
#Args: 1 #bound: 2
    externals: [*, D3Element, FLEval.field] scoped = []
    all vars = [v0, v1, v2]
HEAD v0                                                      #d3:           1.1
SWITCH v0 D3Element                                          #d3:           1.1
  RETURN v2:clos2 [v1:clos1]                                 #d3.fl:       19.4
ERROR                                                        #d3.fl:       19.4
CLOSURE v1                                                   #d3.fl:       19.9
  PUSH PackageVar.FLEval.field                               #d3.fl:       19.9
  PUSH v0:elt                                                #d3.fl:       16.3
  PUSH "idx"                                                 #d3.fl:       19.13
CLOSURE v2                                                   #d3.fl:       19.4
  PUSH PackageVar.*                                          #d3.fl:       19.7
  PUSH 22                                                    #d3.fl:       19.4
  PUSH v1:clos1                                              #d3.fl:       19.9
=======
HSIE for test.golden._TestCard._gen_9/1                      #d3.fl:       35.9
#Args: 1 #bound: 2
    externals: [*, D3Element, FLEval.field] scoped = []
    all vars = [v0, v1, v2]
HEAD v0                                                      #d3:           1.1
SWITCH v0 D3Element                                          #d3:           1.1
  RETURN v2:clos2 [v1:clos1]                                 #d3.fl:       35.9
ERROR                                                        #d3.fl:       35.9
CLOSURE v1                                                   #d3.fl:       35.12
  PUSH PackageVar.FLEval.field                               #d3.fl:       35.12
  PUSH v0:elt                                                #d3.fl:       16.3
  PUSH "data"                                                #d3.fl:       35.16
CLOSURE v2                                                   #d3.fl:       35.9
  PUSH PackageVar.*                                          #d3.fl:       35.11
  PUSH 10                                                    #d3.fl:       35.9
  PUSH v1:clos1                                              #d3.fl:       35.12
=======
HSIE for test.golden.TestCard.inits_data/0                   #d3.fl:        4.23
#Args: 0 #bound: 4
    externals: [Cons, Nil] scoped = []
    all vars = [v0, v1, v2, v3]
RETURN v3:clos3 [v0:clos0, v1:clos1, v2:clos2]               #d3.fl:        4.23
CLOSURE v1                                                   #d3.fl:        4.29
  PUSH PackageVar.Cons                                       #d3.fl:        4.29
  PUSH 2                                                     #d3.fl:        4.29
  PUSH v0:clos0                                              #d3.fl:        4.32
CLOSURE v2                                                   #d3.fl:        4.26
  PUSH PackageVar.Cons                                       #d3.fl:        4.26
  PUSH 8                                                     #d3.fl:        4.26
  PUSH v1:clos1                                              #d3.fl:        4.29
CLOSURE v3                                                   #d3.fl:        4.23
  PUSH PackageVar.Cons                                       #d3.fl:        4.23
  PUSH 5                                                     #d3.fl:        4.23
  PUSH v2:clos2                                              #d3.fl:        4.26
CLOSURE v0                                                   #d3.fl:        4.32
  PUSH PackageVar.Cons                                       #d3.fl:        4.32
  PUSH 16                                                    #d3.fl:        4.32
  PUSH PackageVar.Nil                                        #d3.fl:        4.31
=======
HSIE for test.golden._TestCard._gen_5/1                      #d3.fl:       20.4
#Args: 1 #bound: 3
    externals: [*, -, D3Element, FLEval.field] scoped = []
    all vars = [v0, v1, v2, v3]
HEAD v0                                                      #d3:           1.1
SWITCH v0 D3Element                                          #d3:           1.1
  RETURN v3:clos3 [v1:clos1, v2:clos2]                       #d3.fl:       20.4
ERROR                                                        #d3.fl:       20.4
CLOSURE v1                                                   #d3.fl:       20.15
  PUSH PackageVar.FLEval.field                               #d3.fl:       20.15
  PUSH v0:elt                                                #d3.fl:       16.3
  PUSH "data"                                                #d3.fl:       20.19
CLOSURE v2                                                   #d3.fl:       20.10
  PUSH PackageVar.*                                          #d3.fl:       20.13
  PUSH 10                                                    #d3.fl:       20.10
  PUSH v1:clos1                                              #d3.fl:       20.15
CLOSURE v3                                                   #d3.fl:       20.4
  PUSH PackageVar.-                                          #d3.fl:       20.8
  PUSH 200                                                   #d3.fl:       20.4
  PUSH v2:clos2                                              #d3.fl:       20.10
=======
HSIE for test.golden.TestCard.rejig/1                        #d3.fl:       43.6
#Args: 1 #bound: 6
    externals: [Assign, Cons, Nil] scoped = []
    all vars = [v0, v1, v2, v3, v4, v5, v6]
RETURN v6:clos6 [v1:clos1, v2:clos2, v3:clos3, v4:clos4, v5: #d3.fl:       44.9
CLOSURE v1                                                   #d3.fl:       44.19
  PUSH PackageVar.Cons                                       #d3.fl:       44.19
  PUSH 9                                                     #d3.fl:       44.19
  PUSH PackageVar.Nil                                        #d3.fl:       44.18
CLOSURE v2                                                   #d3.fl:       44.15
  PUSH PackageVar.Cons                                       #d3.fl:       44.15
  PUSH 11                                                    #d3.fl:       44.15
  PUSH v1:clos1                                              #d3.fl:       44.19
CLOSURE v3                                                   #d3.fl:       44.12
  PUSH PackageVar.Cons                                       #d3.fl:       44.12
  PUSH 7                                                     #d3.fl:       44.12
  PUSH v2:clos2                                              #d3.fl:       44.15
CLOSURE v4                                                   #d3.fl:       44.9
  PUSH PackageVar.Cons                                       #d3.fl:       44.9
  PUSH 4                                                     #d3.fl:       44.9
  PUSH v3:clos3                                              #d3.fl:       44.12
CLOSURE v5                                                   #d3.fl:       44.0
  PUSH PackageVar.Assign                                     #d3.fl:       44.0
  PUSH this                                                  #d3.fl:       44.0
  PUSH "data"                                                #d3.fl:       44.0
  PUSH v4:clos4                                              #d3.fl:       44.9
CLOSURE v6                                                   #d3.fl:       44.9
  PUSH PackageVar.Cons                                       #d3.fl:       43.6
  PUSH v5:clos5                                              #d3.fl:       44.0
  PUSH PackageVar.Nil                                        #d3.fl:       43.6
=======
HSIE for test.golden._TestCard._gen_13/1                     #d3.fl:       32.4
#Args: 1 #bound: 3
    externals: [*, +, D3Element, FLEval.field] scoped = []
    all vars = [v0, v1, v2, v3]
HEAD v0                                                      #d3:           1.1
SWITCH v0 D3Element                                          #d3:           1.1
  RETURN v3:clos3 [v1:clos1, v2:clos2]                       #d3.fl:       32.4
ERROR                                                        #d3.fl:       32.4
CLOSURE v1                                                   #d3.fl:       32.9
  PUSH PackageVar.FLEval.field                               #d3.fl:       32.9
  PUSH v0:elt                                                #d3.fl:       16.3
  PUSH "idx"                                                 #d3.fl:       32.13
CLOSURE v2                                                   #d3.fl:       32.4
  PUSH PackageVar.*                                          #d3.fl:       32.7
  PUSH 22                                                    #d3.fl:       32.4
  PUSH v1:clos1                                              #d3.fl:       32.9
CLOSURE v3                                                   #d3.fl:       32.4
  PUSH PackageVar.+                                          #d3.fl:       32.17
  PUSH v2:clos2                                              #d3.fl:       32.4
  PUSH 10                                                    #d3.fl:       32.19
=======
HSIE for test.golden._TestCard._d3_chart_enter_rect/0        #d3.fl:       25.5
#Args: 0 #bound: 3
    externals: [Cons, D3Action, Nil] scoped = []
    all vars = [v0, v1, v2]
RETURN v2:clos2 [v0:clos0, v1:clos1]                         #d3.fl:       26.3
CLOSURE v1                                                   #d3.fl:       26.3
  PUSH PackageVar.D3Action                                   #d3.fl:       26.3
  PUSH "append"                                              #d3.fl:       26.12
  PUSH v0:clos0                                              #d3.fl:       26.22
CLOSURE v2                                                   #d3.fl:       26.3
  PUSH PackageVar.Cons                                       #d3.fl:       25.5
  PUSH v1:clos1                                              #d3.fl:       26.3
  PUSH PackageVar.Nil                                        #d3.fl:       25.5
CLOSURE v0                                                   #d3.fl:       26.22
  PUSH PackageVar.Cons                                       #d3.fl:       26.22
  PUSH "rect"                                                #d3.fl:       26.22
  PUSH PackageVar.Nil                                        #d3.fl:       26.22
=======
HSIE for test.golden._TestCard._d3_chart_enter_text/0        #d3.fl:       40.5
#Args: 0 #bound: 3
    externals: [Cons, D3Action, Nil] scoped = []
    all vars = [v0, v1, v2]
RETURN v2:clos2 [v0:clos0, v1:clos1]                         #d3.fl:       41.3
CLOSURE v1                                                   #d3.fl:       41.3
  PUSH PackageVar.D3Action                                   #d3.fl:       41.3
  PUSH "append"                                              #d3.fl:       41.12
  PUSH v0:clos0                                              #d3.fl:       41.22
CLOSURE v2                                                   #d3.fl:       41.3
  PUSH PackageVar.Cons                                       #d3.fl:       40.5
  PUSH v1:clos1                                              #d3.fl:       41.3
  PUSH PackageVar.Nil                                        #d3.fl:       40.5
CLOSURE v0                                                   #d3.fl:       41.22
  PUSH PackageVar.Cons                                       #d3.fl:       41.22
  PUSH "text"                                                #d3.fl:       41.22
  PUSH PackageVar.Nil                                        #d3.fl:       41.22
=======
HSIE for test.golden._TestCard._gen_14/1                     #d3.fl:       33.4
#Args: 1 #bound: 4
    externals: [*, +, -, D3Element, FLEval.field] scoped = []
    all vars = [v0, v1, v2, v3, v4]
HEAD v0                                                      #d3:           1.1
SWITCH v0 D3Element                                          #d3:           1.1
  RETURN v4:clos4 [v1:clos1, v2:clos2, v3:clos3]             #d3.fl:       33.4
ERROR                                                        #d3.fl:       33.4
CLOSURE v1                                                   #d3.fl:       33.15
  PUSH PackageVar.FLEval.field                               #d3.fl:       33.15
  PUSH v0:elt                                                #d3.fl:       16.3
  PUSH "data"                                                #d3.fl:       33.19
CLOSURE v2                                                   #d3.fl:       33.10
  PUSH PackageVar.*                                          #d3.fl:       33.13
  PUSH 10                                                    #d3.fl:       33.10
  PUSH v1:clos1                                              #d3.fl:       33.15
CLOSURE v3                                                   #d3.fl:       33.4
  PUSH PackageVar.-                                          #d3.fl:       33.8
  PUSH 200                                                   #d3.fl:       33.4
  PUSH v2:clos2                                              #d3.fl:       33.10
CLOSURE v4                                                   #d3.fl:       33.4
  PUSH PackageVar.+                                          #d3.fl:       33.24
  PUSH v3:clos3                                              #d3.fl:       33.4
  PUSH 14                                                    #d3.fl:       33.26
=======
HSIE for test.golden.TestCard.handlers_0/0                   #d3.fl:       11.9
#Args: 0 #bound: 0
    externals: [test.golden.TestCard.rejig] scoped = []
    all vars = []
RETURN CardFunction.test.golden.TestCard.rejig               #d3.fl:       11.9
=======
HSIE for test.golden._TestCard._d3init_chart/0               #d3.fl:       16.3
#Args: 0 #bound: 37
    externals: [Assoc, Cons, FLEval.tuple, Nil, NilMap] scoped = []
    all vars = [v0, v1, v2, v3, v4, v5, v6, v7, v8, v9, v10, v11, v12, v13, v14, v15, v16, v17, v18, v19, v20, v21, v22, v23, v24, v25, v26, v27, v28, v29, v30, v31, v32, v33, v34, v35, v36]
RETURN v36:clos36 [v0:clos0, v1:clos1, v2:clos2, v3:clos3, v #d3:           1.1
CLOSURE v33                                                  #d3.fl:       25.5
  PUSH PackageVar.Cons                                       #d3:           1.1
  PUSH test.golden._TestCard._d3_chart_enter_rect()          #d3.fl:       25.5
  PUSH v32:clos32                                            #d3.fl:       40.5
CLOSURE v34                                                  #d3.fl:       25.5
  PUSH PackageVar.Assoc                                      #d3:           1.1
  PUSH "enter"                                               #d3:           1.1
  PUSH v33:clos33                                            #d3.fl:       25.5
  PUSH PackageVar.NilMap                                     #d3:           1.1
CLOSURE v35                                                  #d3.fl:       18.6
  PUSH PackageVar.Assoc                                      #d3:           1.1
  PUSH "layout"                                              #d3:           1.1
  PUSH v31:clos31                                            #d3.fl:       18.6
  PUSH v34:clos34                                            #d3.fl:       25.5
CLOSURE v36                                                  #d3:           1.1
  PUSH PackageVar.Assoc                                      #d3:           1.1
  PUSH "data"                                                #d3:           1.1
  PUSH test.golden._TestCard._gen_15()                       #d3.fl:       16.9
  PUSH v35:clos35                                            #d3.fl:       18.6
CLOSURE v0                                                   #d3.fl:       20.0
  PUSH PackageVar.FLEval.tuple                               #d3:           1.1
  PUSH "y"                                                   #d3.fl:       20.0
  PUSH test.golden._TestCard._gen_5()                        #d3.fl:       20.4
CLOSURE v1                                                   #d3.fl:       19.0
  PUSH PackageVar.FLEval.tuple                               #d3:           1.1
  PUSH "x"                                                   #d3.fl:       19.0
  PUSH test.golden._TestCard._gen_4()                        #d3.fl:       19.4
CLOSURE v2                                                   #d3.fl:       22.0
  PUSH PackageVar.FLEval.tuple                               #d3:           1.1
  PUSH "width"                                               #d3.fl:       22.0
  PUSH test.golden._TestCard._gen_3()                        #d3.fl:       22.8
CLOSURE v3                                                   #d3.fl:       23.0
  PUSH PackageVar.FLEval.tuple                               #d3:           1.1
  PUSH "height"                                              #d3.fl:       23.0
  PUSH test.golden._TestCard._gen_2()                        #d3.fl:       23.9
CLOSURE v4                                                   #d3.fl:       21.0
  PUSH PackageVar.FLEval.tuple                               #d3:           1.1
  PUSH "fill"                                                #d3.fl:       21.0
  PUSH test.golden._TestCard._gen_1()                        #d3.fl:       21.7
CLOSURE v5                                                   #d3.fl:       21.0
  PUSH PackageVar.Cons                                       #d3:           1.1
  PUSH v4:clos4                                              #d3.fl:       21.0
  PUSH PackageVar.Nil                                        #d3:           1.1
CLOSURE v6                                                   #d3.fl:       23.0
  PUSH PackageVar.Cons                                       #d3:           1.1
  PUSH v3:clos3                                              #d3.fl:       23.0
  PUSH v5:clos5                                              #d3.fl:       21.0
CLOSURE v7                                                   #d3.fl:       22.0
  PUSH PackageVar.Cons                                       #d3:           1.1
  PUSH v2:clos2                                              #d3.fl:       22.0
  PUSH v6:clos6                                              #d3.fl:       23.0
CLOSURE v8                                                   #d3.fl:       19.0
  PUSH PackageVar.Cons                                       #d3:           1.1
  PUSH v1:clos1                                              #d3.fl:       19.0
  PUSH v7:clos7                                              #d3.fl:       22.0
CLOSURE v9                                                   #d3.fl:       20.0
  PUSH PackageVar.Cons                                       #d3:           1.1
  PUSH v0:clos0                                              #d3.fl:       20.0
  PUSH v8:clos8                                              #d3.fl:       19.0
CLOSURE v10                                                  #d3.fl:       18.6
  PUSH PackageVar.FLEval.tuple                               #d3:           1.1
  PUSH "rect"                                                #d3.fl:       17.8
  PUSH v9:clos9                                              #d3.fl:       20.0
CLOSURE v11                                                  #d3.fl:       33.0
  PUSH PackageVar.FLEval.tuple                               #d3:           1.1
  PUSH "y"                                                   #d3.fl:       33.0
  PUSH test.golden._TestCard._gen_14()                       #d3.fl:       33.4
CLOSURE v12                                                  #d3.fl:       32.0
  PUSH PackageVar.FLEval.tuple                               #d3:           1.1
  PUSH "x"                                                   #d3.fl:       32.0
  PUSH test.golden._TestCard._gen_13()                       #d3.fl:       32.4
CLOSURE v13                                                  #d3.fl:       34.0
  PUSH PackageVar.FLEval.tuple                               #d3:           1.1
  PUSH "width"                                               #d3.fl:       34.0
  PUSH test.golden._TestCard._gen_12()                       #d3.fl:       34.8
CLOSURE v14                                                  #d3.fl:       31.0
  PUSH PackageVar.FLEval.tuple                               #d3:           1.1
  PUSH "textAnchor"                                          #d3.fl:       31.0
  PUSH test.golden._TestCard._gen_11()                       #d3.fl:       31.13
CLOSURE v15                                                  #d3.fl:       30.0
  PUSH PackageVar.FLEval.tuple                               #d3:           1.1
  PUSH "text"                                                #d3.fl:       30.0
  PUSH test.golden._TestCard._gen_10()                       #d3.fl:       30.7
CLOSURE v16                                                  #d3.fl:       35.0
  PUSH PackageVar.FLEval.tuple                               #d3:           1.1
  PUSH "height"                                              #d3.fl:       35.0
  PUSH test.golden._TestCard._gen_9()                        #d3.fl:       35.9
CLOSURE v17                                                  #d3.fl:       38.0
  PUSH PackageVar.FLEval.tuple                               #d3:           1.1
  PUSH "fontSize"                                            #d3.fl:       38.0
  PUSH test.golden._TestCard._gen_8()                        #d3.fl:       38.11
CLOSURE v18                                                  #d3.fl:       37.0
  PUSH PackageVar.FLEval.tuple                               #d3:           1.1
  PUSH "fontFamily"                                          #d3.fl:       37.0
  PUSH test.golden._TestCard._gen_7()                        #d3.fl:       37.13
CLOSURE v19                                                  #d3.fl:       36.0
  PUSH PackageVar.FLEval.tuple                               #d3:           1.1
  PUSH "fill"                                                #d3.fl:       36.0
  PUSH test.golden._TestCard._gen_6()                        #d3.fl:       36.7
CLOSURE v20                                                  #d3.fl:       36.0
  PUSH PackageVar.Cons                                       #d3:           1.1
  PUSH v19:clos19                                            #d3.fl:       36.0
  PUSH PackageVar.Nil                                        #d3:           1.1
CLOSURE v21                                                  #d3.fl:       37.0
  PUSH PackageVar.Cons                                       #d3:           1.1
  PUSH v18:clos18                                            #d3.fl:       37.0
  PUSH v20:clos20                                            #d3.fl:       36.0
CLOSURE v22                                                  #d3.fl:       38.0
  PUSH PackageVar.Cons                                       #d3:           1.1
  PUSH v17:clos17                                            #d3.fl:       38.0
  PUSH v21:clos21                                            #d3.fl:       37.0
CLOSURE v23                                                  #d3.fl:       35.0
  PUSH PackageVar.Cons                                       #d3:           1.1
  PUSH v16:clos16                                            #d3.fl:       35.0
  PUSH v22:clos22                                            #d3.fl:       38.0
CLOSURE v24                                                  #d3.fl:       30.0
  PUSH PackageVar.Cons                                       #d3:           1.1
  PUSH v15:clos15                                            #d3.fl:       30.0
  PUSH v23:clos23                                            #d3.fl:       35.0
CLOSURE v25                                                  #d3.fl:       31.0
  PUSH PackageVar.Cons                                       #d3:           1.1
  PUSH v14:clos14                                            #d3.fl:       31.0
  PUSH v24:clos24                                            #d3.fl:       30.0
CLOSURE v26                                                  #d3.fl:       34.0
  PUSH PackageVar.Cons                                       #d3:           1.1
  PUSH v13:clos13                                            #d3.fl:       34.0
  PUSH v25:clos25                                            #d3.fl:       31.0
CLOSURE v27                                                  #d3.fl:       32.0
  PUSH PackageVar.Cons                                       #d3:           1.1
  PUSH v12:clos12                                            #d3.fl:       32.0
  PUSH v26:clos26                                            #d3.fl:       34.0
CLOSURE v28                                                  #d3.fl:       33.0
  PUSH PackageVar.Cons                                       #d3:           1.1
  PUSH v11:clos11                                            #d3.fl:       33.0
  PUSH v27:clos27                                            #d3.fl:       32.0
CLOSURE v29                                                  #d3.fl:       29.6
  PUSH PackageVar.FLEval.tuple                               #d3:           1.1
  PUSH "text"                                                #d3.fl:       28.8
  PUSH v28:clos28                                            #d3.fl:       33.0
CLOSURE v30                                                  #d3.fl:       29.6
  PUSH PackageVar.Cons                                       #d3:           1.1
  PUSH v29:clos29                                            #d3.fl:       29.6
  PUSH PackageVar.Nil                                        #d3:           1.1
CLOSURE v31                                                  #d3.fl:       18.6
  PUSH PackageVar.Cons                                       #d3:           1.1
  PUSH v10:clos10                                            #d3.fl:       18.6
  PUSH v30:clos30                                            #d3.fl:       29.6
CLOSURE v32                                                  #d3.fl:       40.5
  PUSH PackageVar.Cons                                       #d3:           1.1
  PUSH test.golden._TestCard._d3_chart_enter_text()          #d3.fl:       40.5
  PUSH PackageVar.Nil                                        #d3:           1.1
=======
