HSIE for test.golden.f/0                                     #scoping3.fl:  4.0
#Args: 0 #bound: 1
    externals: []
    scoped = []
    scopedDefns = [test.golden.f_0.set]
    all vars = [v0]
RETURN v0:test.golden.f_0.set []                             #scoping3.fl:  5.0
CLOSURE v0 !                                                 #scoping3.fl:  5.0
  PUSH PackageVar.test.golden.f_0.set                        #scoping3.fl:  5.0
-------
HSIE for test.golden.f_0.ItemHandler.update/1                #scoping3.fl:  8.0
#Args: 1 #bound: 4
    externals: [Any, Cons, Nil, Send, test.golden.f_0.ItemHandler.ck, test.golden.f_0.ItemHandler.set]
    scoped = []
    scopedDefns = []
    all vars = [v0, v1, v2, v3, v4]
HEAD v0                                                      #scoping3.fl:  8.7
SWITCH v0 Any                                                #scoping3.fl:  8.7
  RETURN v4:clos4 [v1:clos1, v2:clos2, v3:clos3]             #scoping3.fl:  9.3
ERROR                                                        #scoping3.fl:  8.0
CLOSURE v1                                                   #scoping3.fl:  8.7
  PUSH PackageVar.Cons                                       #scoping3.fl:  5.0
  PUSH v0:test.golden.f_0.ItemHandler.update.obj             #scoping3.fl:  8.7
  PUSH PackageVar.Nil                                        #scoping3.fl:  5.0
CLOSURE v2                                                   #scoping3.fl:  7.29
  PUSH PackageVar.Cons                                       #scoping3.fl:  5.0
  PUSH HandlerLambda.HL[test.golden.f_0.ItemHandler.ck]      #scoping3.fl:  7.29
  PUSH v1:clos1                                              #scoping3.fl:  8.7
CLOSURE v3 S                                                 #scoping3.fl:  5.0
  PUSH PackageVar.Send                                       #scoping3.fl:  5.0
  PUSH HandlerLambda.HL[test.golden.f_0.ItemHandler.set]     #scoping3.fl:  5.0
  PUSH "insert"                                              #scoping3.fl:  9.7
  PUSH v2:clos2                                              #scoping3.fl:  7.29
CLOSURE v4                                                   #scoping3.fl:  9.3
  PUSH PackageVar.Cons                                       #scoping3.fl:  8.0
  PUSH v3:clos3                                              #scoping3.fl:  5.0
  PUSH PackageVar.Nil                                        #scoping3.fl:  8.0
-------
HSIE for test.golden.f_0.set/0                               #scoping3.fl:  5.0
#Args: 0 #bound: 2
    externals: [Croset, Nil]
    scoped = []
    scopedDefns = []
    all vars = [v0, v1]
RETURN v1:clos1 [v0:clos0]                                   #scoping3.fl:  5.6
CLOSURE v1                                                   #scoping3.fl:  5.6
  PUSH v0:clos0                                              #scoping3.fl:  5.6
  PUSH PackageVar.Nil                                        #scoping3.fl:  5.18
CLOSURE v0                                                   #scoping3.fl:  5.6
  OCTOR                                                      #scoping3.fl:  5.6
  PUSH PackageVar.Croset                                     #scoping3.fl:  5.6
  PUSH "from"                                                #scoping3.fl:  5.13
