HSIE for test.golden.f_0.set/0                               #scoping3.fl:  7.0
#Args: 0 #bound: 1
    externals: [Croset, Nil] scoped = []
    all vars = [v0]
RETURN v0:clos0 []                                           #scoping3.fl:  7.6
CLOSURE v0                                                   #scoping3.fl:  7.6
  PUSH PackageVar.Croset                                     #scoping3.fl:  7.6
  PUSH PackageVar.Nil                                        #scoping3.fl:  7.13
=======
HSIE for test.golden.f/1                                     #scoping3.fl:  6.0
#Args: 1 #bound: 1
    externals: [] scoped = []
    all vars = [v0, v1]
RETURN v1:test.golden.f_0.set []                             #scoping3.fl:  7.0
CLOSURE v1 !                                                 #scoping3.fl:  7.0
  PUSH PackageVar.test.golden.f_0.set                        #scoping3.fl:  7.0
=======
HSIE for test.golden.f_0.ItemHandler.update/1                #scoping3.fl: 16.0
#Args: 1 #bound: 4
    externals: [Any, Cons, Nil, Send, test.golden.f_0.ItemHandler.ck, test.golden.f_0.ItemHandler.set] scoped = []
    all vars = [v0, v1, v2, v3, v4]
HEAD v0                                                      #scoping3.fl: 16.7
SWITCH v0 Any                                                #scoping3.fl: 16.7
  RETURN v4:clos4 [v1:clos1, v2:clos2, v3:clos3]             #scoping3.fl: 17.3
ERROR                                                        #scoping3.fl: 16.0
CLOSURE v1                                                   #scoping3.fl: 16.7
  PUSH PackageVar.Cons                                       #scoping3.fl:  7.0
  PUSH v0:test.golden.f_0.ItemHandler.update.obj             #scoping3.fl: 16.7
  PUSH PackageVar.Nil                                        #scoping3.fl:  7.0
CLOSURE v2                                                   #scoping3.fl: 12.29
  PUSH PackageVar.Cons                                       #scoping3.fl:  7.0
  PUSH HandlerLambda.HL[test.golden.f_0.ItemHandler.ck]      #scoping3.fl: 12.29
  PUSH v1:clos1                                              #scoping3.fl: 16.7
CLOSURE v3 S                                                 #scoping3.fl:  7.0
  PUSH PackageVar.Send                                       #scoping3.fl:  7.0
  PUSH HandlerLambda.HL[test.golden.f_0.ItemHandler.set]     #scoping3.fl:  7.0
  PUSH "insert"                                              #scoping3.fl: 17.7
  PUSH v2:clos2                                              #scoping3.fl: 12.29
CLOSURE v4                                                   #scoping3.fl: 17.3
  PUSH PackageVar.Cons                                       #scoping3.fl: 16.0
  PUSH v3:clos3                                              #scoping3.fl:  7.0
  PUSH PackageVar.Nil                                        #scoping3.fl: 16.0
=======
