HSIE for test.golden.fold/3                                  #fold.fl:      2.0
#Args: 3 #bound: 4
    externals: [Cons, Nil] scoped = []
    all vars = [v0, v1, v2, v3, v4, v5, v6]
HEAD v2                                                      #null
SWITCH v2 Cons                                               #fold.fl:      3.11
  BIND v3 v2.head                                            #null
  BIND v4 v2.tail                                            #null
  RETURN v6:clos6 [v5:clos5]                                 #fold.fl:      3.19
SWITCH v2 Nil                                                #fold.fl:      2.11
  RETURN v1:test.golden.fold_0.acc []                        #fold.fl:      2.7
ERROR                                                        #null
CLOSURE v5                                                   #null
  PUSH v0:test.golden.fold_1.f                               #fold.fl:      3.5
  PUSH v1:test.golden.fold_1.acc                             #fold.fl:      3.7
  PUSH v3:test.golden.fold_1.a                               #fold.fl:      3.12
CLOSURE v6                                                   #null
  PUSH PackageVar.test.golden.fold                           #fold.fl:      3.19
  PUSH v0:test.golden.fold_1.f                               #fold.fl:      3.5
  PUSH v5:clos5                                              #fold.fl:      3.26
  PUSH v4:test.golden.fold_1.l                               #fold.fl:      3.14
=======
