HSIE for test.golden.Card._C0.go/0                           #objects.fl:   9.0
#Args: 0 #bound: 5
    externals: [Cons, Nil, Send, test.golden.Card.c] scoped = []
    all vars = [v0, v1, v2, v3, v4]
RETURN v4:clos4 [v0:clos0, v1:clos1, v2:clos2, v3:clos3]     #objects.fl:  10.3
CLOSURE v1 S                                                 #objects.fl:  10.3
  PUSH PackageVar.Send                                       #objects.fl:  10.3
  PUSH CardMember.CardMember[test.golden.Card.c]             #objects.fl:  10.3
  PUSH "put"                                                 #objects.fl:  10.5
  PUSH v0:clos0                                              #objects.fl:  10.9
CLOSURE v2 S                                                 #objects.fl:  11.3
  PUSH PackageVar.Send                                       #objects.fl:  11.3
  PUSH CardMember.CardMember[test.golden.Card.c]             #objects.fl:  11.3
  PUSH "clear"                                               #objects.fl:  11.5
  PUSH PackageVar.Nil                                        #objects.fl:  11.3
CLOSURE v3                                                   #objects.fl:  11.3
  PUSH PackageVar.Cons                                       #objects.fl:   9.0
  PUSH v2:clos2                                              #objects.fl:  11.3
  PUSH PackageVar.Nil                                        #objects.fl:   9.0
CLOSURE v4                                                   #objects.fl:  10.3
  PUSH PackageVar.Cons                                       #objects.fl:   9.0
  PUSH v1:clos1                                              #objects.fl:  10.3
  PUSH v3:clos3                                              #objects.fl:  11.3
CLOSURE v0                                                   #objects.fl:  10.9
  PUSH PackageVar.Cons                                       #objects.fl:  10.3
  PUSH 42                                                    #objects.fl:  10.9
  PUSH PackageVar.Nil                                        #objects.fl:  10.3
=======
