HSIE for test.golden.NestFunction.B1.formats_0/0             #nestedfn.fl:  6.0
#Args: 0 #bound: 3
    externals: [Cons, Nil, test.golden.NestFunction.sayHello, test.golden.NestFunction.styleIf]
    scoped = []
    scopedDefns = []
    all vars = [v0, v1, v2]
RETURN v1:clos1 [v2:null, v0:clos0]                          #nestedfn.fl:  6.11
CLOSURE v1                                                   #nestedfn.fl:  6.11
  PUSH PackageVar.Cons                                       #nestedfn.fl:  6.0
  PUSH v0:clos0                                              #nestedfn.fl:  6.11
  PUSH PackageVar.Nil                                        #nestedfn.fl:  6.0
CURRY v2 2                                                   #nestedfn.fl:  6.11
  PUSH CardFunction.test.golden.NestFunction.styleIf         #nestedfn.fl:  6.11
CLOSURE v0                                                   #nestedfn.fl:  6.11
  PUSH v2:null                                               #nestedfn.fl:  6.11
  PUSH "show"                                                #nestedfn.fl:  6.19
  PUSH CardMember.CardMember[test.golden.NestFunction.sayHel #nestedfn.fl:  6.26
-------
HSIE for test.golden.NestFunction.styleIf/2                  #nestedfn.fl:  8.0
#Args: 2 #bound: 0
    externals: []
    scoped = []
    scopedDefns = []
    all vars = [v0, v1]
IF v1:test.golden.NestFunction.styleIf_0.b                   #nestedfn.fl:  8.14
  RETURN v0:test.golden.NestFunction.styleIf_0.style []      #nestedfn.fl:  8.8
RETURN ""                                                    #nestedfn.fl: 10.7
