HSIE for test.golden.filter/2                                #filter.fl:    2.0
#Args: 2 #bound: 5
    externals: [Cons, Nil]
    scoped = []
    scopedDefns = [test.golden.filter_1.a, test.golden.filter_1.f, test.golden.filter_1.g, test.golden.filter_1.l]
    all vars = [v4, v5, v6, v7, v8, v9, v10]
HEAD v5                                                      #filter.fl:    2.9
SWITCH v5 Cons                                               #filter.fl:    3.9
  BIND v6 v5.head                                            #filter.fl:    3.10
  BIND v7 v5.tail                                            #filter.fl:    3.12
  RETURN v10:clos10 [v8:test.golden.filter_1.g, v9:clos9]    #filter.fl:    3.17
SWITCH v5 Nil                                                #filter.fl:    2.9
  RETURN PackageVar.Nil                                      #filter.fl:    2.14
ERROR                                                        #filter.fl:    2.0
CURRY v8 4 !                                                 #filter.fl:    4.0
  PUSH PackageVar.test.golden.filter_1.g                     #filter.fl:    4.0
  PUSH v6:test.golden.filter_1.a                             #filter.fl:    3.10
  PUSH v4:test.golden.filter_1.f                             #filter.fl:    3.7
  PUSH v7:test.golden.filter_1.l                             #filter.fl:    3.12
CLOSURE v9                                                   #filter.fl:    3.19
  PUSH v4:test.golden.filter_1.f                             #filter.fl:    3.7
  PUSH v6:test.golden.filter_1.a                             #filter.fl:    3.10
CLOSURE v10                                                  #filter.fl:    3.17
  PUSH v8:test.golden.filter_1.g                             #filter.fl:    4.0
  PUSH v9:clos9                                              #filter.fl:    3.19
-------
HSIE for test.golden.filter_1.g/1                            #filter.fl:    4.0
#Args: 1 #bound: 3
    externals: [Boolean, Cons, test.golden.filter]
    scoped = [test.golden.filter_1.a, test.golden.filter_1.f, test.golden.filter_1.l]
    scopedDefns = []
    all vars = [v0, v1, v2, v3]
HEAD v0                                                      #filter.fl:    4.2
SWITCH v0 Boolean                                            #filter.fl:    4.2
  IF v0:ev0 false                                            #filter.fl:    5.2
    RETURN v3:clos3 []                                       #filter.fl:    5.10
  IF v0:ev0 true                                             #filter.fl:    4.2
    RETURN v2:clos2 [v1:clos1]                               #filter.fl:    4.9
ERROR                                                        #filter.fl:    4.0
CLOSURE v1                                                   #filter.fl:    4.11
  PUSH PackageVar.test.golden.filter                         #filter.fl:    4.12
  PUSH Scoped[test.golden.filter_1.f]                        #filter.fl:    3.7
  PUSH Scoped[test.golden.filter_1.l]                        #filter.fl:    3.12
CLOSURE v2                                                   #filter.fl:    4.9
  PUSH PackageVar.Cons                                       #filter.fl:    4.10
  PUSH Scoped[test.golden.filter_1.a]                        #filter.fl:    3.10
  PUSH v1:clos1                                              #filter.fl:    4.11
CLOSURE v3                                                   #filter.fl:    5.10
  PUSH PackageVar.test.golden.filter                         #filter.fl:    5.11
  PUSH Scoped[test.golden.filter_1.f]                        #filter.fl:    3.7
  PUSH Scoped[test.golden.filter_1.l]                        #filter.fl:    3.12
