HSIE for test.golden.bert/0                                  #checktypes.f  7.0
#Args: 0 #bound: 1
    externals: [FLEval.tuple]
    scoped = []
    scopedDefns = []
    all vars = [v0]
RETURN v0:clos0 []                                           #checktypes.f  7.10
CLOSURE v0                                                   #checktypes.f  7.10
  PUSH PackageVar.FLEval.tuple                               #checktypes.f  7.10
  PUSH 2                                                     #checktypes.f  7.8
  PUSH "hello"                                               #checktypes.f  7.11
-------
HSIE for test.golden.fred/1                                  #checktypes.f  2.0
#Args: 1 #bound: 0
    externals: []
    scoped = []
    scopedDefns = []
    all vars = [v0]
RETURN 32                                                    #checktypes.f  2.9
-------
HSIE for test.golden.t1/0                                    #checktypes.f  4.0
#Args: 0 #bound: 1
    externals: [Nil, map, test.golden.fred]
    scoped = []
    scopedDefns = []
    all vars = [v0]
RETURN v0:clos0 []                                           #checktypes.f  4.5
CLOSURE v0                                                   #checktypes.f  4.5
  PUSH PackageVar.map                                        #checktypes.f  4.5
  PUSH PackageVar.test.golden.fred                           #checktypes.f  4.9
  PUSH PackageVar.Nil                                        #checktypes.f  4.14
-------
HSIE for test.golden.t2/0                                    #checktypes.f  5.0
#Args: 0 #bound: 2
    externals: [Cons, Nil, map, test.golden.fred]
    scoped = []
    scopedDefns = []
    all vars = [v0, v1]
RETURN v1:clos1 [v0:clos0]                                   #checktypes.f  5.5
CLOSURE v1                                                   #checktypes.f  5.5
  PUSH PackageVar.map                                        #checktypes.f  5.5
  PUSH PackageVar.test.golden.fred                           #checktypes.f  5.9
  PUSH v0:clos0                                              #checktypes.f  5.15
CLOSURE v0                                                   #checktypes.f  5.15
  PUSH PackageVar.Cons                                       #checktypes.f  5.15
  PUSH 3                                                     #checktypes.f  5.15
  PUSH PackageVar.Nil                                        #checktypes.f  5.15
