HSIE for test.golden.Foo._C1.go/0                            #standalone.f 12.0
#Args: 0 #bound: 6
    externals: [Cons, Nil, map, test.golden.Foo.request, test.golden.Foo.request2]
    scoped = []
    scopedDefns = []
    all vars = [v0, v1, v2, v3, v4, v5]
RETURN v3:clos3 [v5:null, v0:clos0, v4:null, v1:clos1, v2:cl #standalone.f 13.3
CLOSURE v1 M                                                 #standalone.f 14.3
  PUSH PackageVar.map                                        #standalone.f 14.3
  PUSH v4:null                                               #standalone.f 14.7
  PUSH PackageVar.Nil                                        #standalone.f 14.16
CLOSURE v2                                                   #standalone.f 14.3
  PUSH PackageVar.Cons                                       #standalone.f 12.0
  PUSH v1:clos1                                              #standalone.f 14.3
  PUSH PackageVar.Nil                                        #standalone.f 12.0
CLOSURE v3                                                   #standalone.f 13.3
  PUSH PackageVar.Cons                                       #standalone.f 12.0
  PUSH v0:clos0                                              #standalone.f 13.3
  PUSH v2:clos2                                              #standalone.f 14.3
CLOSURE v4                                                   #standalone.f 14.7
  PUSH PackageVar.FLEval.curry                               #standalone.f 14.7
  PUSH CardFunction.test.golden.Foo.request2                 #standalone.f 14.7
  PUSH 1                                                     #standalone.f 14.7
CLOSURE v5                                                   #standalone.f 13.7
  PUSH PackageVar.FLEval.curry                               #standalone.f 13.7
  PUSH CardFunction.test.golden.Foo.request                  #standalone.f 13.7
  PUSH 1                                                     #standalone.f 13.7
CLOSURE v0 M                                                 #standalone.f 13.3
  PUSH PackageVar.map                                        #standalone.f 13.3
  PUSH v5:null                                               #standalone.f 13.7
  PUSH PackageVar.Nil                                        #standalone.f 13.15
-------
HSIE for test.golden.Foo.request/1                           #standalone.f 16.0
#Args: 1 #bound: 2
    externals: [Cons, Crokey, Nil, Send, test.golden.Foo.kv]
    scoped = []
    scopedDefns = []
    all vars = [v0, v1, v2]
HEAD v0                                                      #standalone.f 16.9
SWITCH v0 Crokey                                             #standalone.f 16.9
  RETURN v2:clos2 [v1:clos1]                                 #standalone.f 16.22
ERROR                                                        #standalone.f 16.0
CLOSURE v1                                                   #standalone.f 16.39
  PUSH PackageVar.Cons                                       #standalone.f 16.39
  PUSH v0:test.golden.Foo.request_1.ck                       #standalone.f 16.16
  PUSH PackageVar.Nil                                        #standalone.f 16.39
CLOSURE v2                                                   #standalone.f 16.22
  PUSH PackageVar.Send                                       #standalone.f 16.22
  PUSH CardMember.CardMember[test.golden.Foo.kv]             #standalone.f 16.27
  PUSH "typed"                                               #standalone.f 16.30
  PUSH v1:clos1                                              #standalone.f 16.39
-------
HSIE for test.golden.Foo.request2/1                          #standalone.f 17.0
#Args: 1 #bound: 2
    externals: [Cons, Crokey, Nil, Send, test.golden.Foo.kv]
    scoped = []
    scopedDefns = []
    all vars = [v0, v1, v2]
HEAD v0                                                      #standalone.f 17.10
SWITCH v0 Crokey                                             #standalone.f 17.10
  RETURN v2:clos2 [v1:clos1]                                 #standalone.f 17.23
ERROR                                                        #standalone.f 17.0
CLOSURE v1                                                   #standalone.f 17.39
  PUSH PackageVar.Cons                                       #standalone.f 17.39
  PUSH v0:test.golden.Foo.request2_1.ck                      #standalone.f 17.17
  PUSH PackageVar.Nil                                        #standalone.f 17.39
CLOSURE v2                                                   #standalone.f 17.23
  PUSH PackageVar.Send                                       #standalone.f 17.23
  PUSH CardMember.CardMember[test.golden.Foo.kv]             #standalone.f 17.28
  PUSH "mine"                                                #standalone.f 17.31
  PUSH v1:clos1                                              #standalone.f 17.39
